[writerzhub.com/index.html]
[backblue.gif]
[fade.gif]
[index.html]
[writerzhub.com/logo.jpg]
[writerzhub.com/assets/libs/swiper/swiper-bundle.min.css]
[writerzhub.com/assets/js/layout.js]
[writerzhub.com/assets/css/bootstrap.min.css]
[writerzhub.com/assets/css/icons.min.css]
[writerzhub.com/assets/css/app.min.css]
[writerzhub.com/login.html]
[writerzhub.com/register.html]
[writerzhub.com/admin/emails/whatsapp.png]
[writerzhub.com/admin/emails/telegram.png]
[writerzhub.com/assets/lady.png]
[writerzhub.com/assets/guy.png]
[writerzhub.com/assets/images/companies/img-3.png]
[writerzhub.com/assets/images/companies/img-1.png]
[writerzhub.com/assets/images/companies/img-5.png]
[writerzhub.com/assets/images/companies/img-2.png]
[writerzhub.com/assets/images/companies/img-8.png]
[writerzhub.com/assets/images/companies/img-7.png]
[writerzhub.com/assets/earn.jpg]
[writerzhub.com/assets/tasks.png]
[writerzhub.com/assets/mpesa.jpg]
[writerzhub.com/assets/training.jpg]
[writerzhub.com/assets/contact.png]
[wati-integration-service.clare.ai/ShopifyWidget/shopifyWidget6855.js]
[writerzhub.com/assets/libs/bootstrap/js/bootstrap.bundle.min.js]
[writerzhub.com/assets/libs/simplebar/simplebar.min.js]
[writerzhub.com/assets/libs/node-waves/waves.min.js]
[writerzhub.com/assets/libs/feather-icons/feather.min.js]
[writerzhub.com/assets/js/plugins.js]
[writerzhub.com/assets/js/pages/plugins/lord-icon-2.1.0.js]
[writerzhub.com/assets/libs/swiper/swiper-bundle.min.js]
[writerzhub.com/assets/js/pages/job-lading.init.js]
[writerzhub.com/index.html]
[writerzhub.com/assets/libs/swiper/swiper-bundle.min.css]
[writerzhub.com/assets/css/bootstrap.min.css]
[writerzhub.com/assets/fonts/materialdesignicons-webfont1d2d1d2d.woff]
[writerzhub.com/assets/fonts/materialdesignicons-webfont1d2d1d2d.html]
[writerzhub.com/assets/fonts/materialdesignicons-webfontd41dd41d.eot]
[writerzhub.com/assets/fonts/materialdesignicons-webfont1d2d1d2d.eot]
[writerzhub.com/assets/fonts/materialdesignicons-webfont1d2d1d2d.ttf]
[writerzhub.com/assets/fonts/boxicons.woff]
[writerzhub.com/assets/fonts/boxicons.html]
[writerzhub.com/assets/fonts/boxicons.ttf]
[writerzhub.com/assets/fonts/boxicons.eot]
[writerzhub.com/assets/fonts/boxiconsd41dd41d.svg]
[writerzhub.com/assets/fonts/la-brands-400.eot]
[writerzhub.com/assets/fonts/la-brands-400d41dd41d.eot]
[writerzhub.com/assets/fonts/la-brands-400.woff]
[writerzhub.com/assets/fonts/la-brands-400.html]
[writerzhub.com/assets/fonts/la-brands-400.ttf]
[writerzhub.com/assets/fonts/la-regular-400.eot]
[writerzhub.com/assets/fonts/la-regular-400d41dd41d.eot]
[writerzhub.com/assets/fonts/la-regular-400.html]
[writerzhub.com/assets/fonts/la-regular-400.woff]
[writerzhub.com/assets/fonts/la-regular-400.ttf]
[writerzhub.com/assets/fonts/la-regular-400.svg]
[writerzhub.com/assets/fonts/la-solid-900.html]
[writerzhub.com/assets/fonts/la-solid-900.eot]
[writerzhub.com/assets/fonts/la-solid-900.woff]
[writerzhub.com/assets/fonts/la-solid-900d41dd41d.eot]
[writerzhub.com/assets/fonts/la-solid-900.svg]
[writerzhub.com/assets/fonts/la-solid-900.ttf]
[writerzhub.com/assets/fonts/la-brands-400.svg]
[writerzhub.com/assets/fonts/remixicondf6ddf6d.woff]
[writerzhub.com/assets/fonts/remixicondf6ddf6d.html]
[writerzhub.com/assets/fonts/remixicondf6ddf6d.eot]
[writerzhub.com/assets/css/icons.min.css]
[writerzhub.com/assets/css/app.min.css]
[writerzhub.com/assets/css/custom.min.css]
[writerzhub.com/forgot.html]
[writerzhub.com/assets/fonts/remixicondf6ddf6d.svg]
[writerzhub.com/assets/js/pages/password-addon.init.js]
[writerzhub.com/login.html]
[writerzhub.com/assets/fonts/remixicondf6ddf6d.ttf]
[writerzhub.com/assets/js/pages/form-validation.init.js]
[writerzhub.com/assets/js/pages/passowrd-create.init.js]
[writerzhub.com/register.html]
[writerzhub.com/assets/fonts/materialdesignicons-webfont1d2d1d2d.html]
[writerzhub.com/assets/fonts/boxicons.html]
[writerzhub.com/assets/fonts/boxiconsd41dd41d.svg]
[writerzhub.com/assets/fonts/la-brands-400.html]
[writerzhub.com/assets/fonts/la-brands-400.svg]
[writerzhub.com/assets/fonts/la-regular-400.html]
[writerzhub.com/assets/fonts/la-regular-400.svg]
[writerzhub.com/assets/fonts/la-solid-900.html]
[writerzhub.com/assets/fonts/la-solid-900.svg]
[writerzhub.com/assets/fonts/remixicondf6ddf6d.html]
[writerzhub.com/assets/fonts/remixicondf6ddf6d.svg]
[writerzhub.com/assets/images/logo-light.png]
[writerzhub.com/forgot.html]
[writerzhub.com/index-2.html]
